---
source: markup_fmt/tests/fmt.rs
---
<span i18n>Updated {minutes, plural, =0 {just now} =1 {one minute ago} other {{
    { minutes }} minutes ago
  }}</span>
<span i18n>{minutes, plural, =0 {just now} =1 {one minute ago} other {{
    { minutes }} minutes ago
  }}</span>
