---
source: markup_fmt/tests/fmt.rs
---
@let user = getUser();
