---
source: markup_fmt/tests/fmt.rs
---
<template>
  <component></component>
  <Component></Component>
  <my-component></my-component>
  <my-component></my-component>
  <my-component></my-component>
  <my-component></my-component>
</template>
