---
source: markup_fmt/tests/fmt.rs
---
<template>
  <component></component>
  <Component></Component>
  <MyComponent></MyComponent>
  <my-component></my-component>
  <My-Component></My-Component>
  <myComponent></myComponent>
</template>
