---
source: markup_fmt/tests/fmt.rs
---
@if (true) {<img />}
