---
source: markup_fmt/tests/fmt.rs
---
@empty{}

@else {}
