---
source: markup_fmt/tests/fmt.rs
---
@unknown (foo) {
} @unknown (foo) {
}
