---
source: markup_fmt/tests/fmt.rs
---
<template>
  <span>{{ (a||          b) }} {{ z&&(a&&b) }}</span>
</template>
