---
source: markup_fmt/tests/fmt.rs
---
<div>
  aaaaaaaaaa
  <a
    href="longlonglonglonglonglonglonglonglonglonglonglonglonglonglonglonglonglonglong"
  >bbbbbbbbbb</a>
  cccccccccc
</div>
<div>
  aaaaaaaaaa
  <a
    href="longlonglonglonglonglonglonglonglonglonglonglonglonglonglonglonglonglonglong"
  >bbbbbbbbbb</a>cccccccccc
</div>
