---
source: markup_fmt/tests/fmt.rs
---
<center>
</center>
