---
source: markup_fmt/tests/fmt.rs
---
@if (cond) {
  <div></div>
}
@else if (cond) {
  <div></div>
}
@else {
  <div></div>
}
