---
source: markup_fmt/tests/fmt.rs
---
<template>
  <button @click="content += '{&quot;hello&quot;: &quot;I\'m a button!&quot;}'">
  </button>
</template>
