---
source: dprint_plugin/tests/integration.rs
---
<Component>
  <h1>Astro</h1>
  <script>
  console.log("1");
  console.log("2");
  </script>
</Component>
