---
source: dprint_plugin/tests/integration.rs
---
<html lang="en">
  <body>
    <style lang="sass">
    h1
      color: red
    </style>
  </body>
</html>
