---
source: dprint_plugin/tests/integration.rs
---
<template>
  <div v-if='(label = "a")'></div>
  <div v-if='(label = "a")'></div>

  <button
    @click="(content += '{&quot;hello&quot;: &quot;I\'m a button!&quot;}')"
  >
  </button>

  <input :value='""'>
  <input :value='""'>
  <input :value='""'>
  <input :value='""'>
</template>
