---
source: markup_fmt/tests/fmt.rs
---
{#each arr as {  a,b =''}}
  {a} {b}
{/each}

{#each arr as [  a,b ='']}
  {a} {b}
{/each}
