---
source: markup_fmt/tests/fmt.rs
---
{#each items as item (item.id)}
  <li>{item.name} x {item.qty}</li>
{/each}

<!-- or with additional index value -->
{#each items as item, i (item.id)}
  <li>{i + 1}: {item.name} x {item.qty}</li>
{/each}
