---
source: markup_fmt/tests/fmt.rs
---
{#each items as item, i}
  <li>{i + 1}: {item.name} x {item.qty}</li>
{/each}
