---
source: dprint_plugin/tests/integration.rs
---
<button type="button" (click)="deleteHero()">Delete hero</button>

<tr><td [colSpan]="1 + 1">Three-Four</td></tr>

<p>The hero's birthday is {{ birthday | date }}</p>
