---
source: dprint_plugin/tests/integration.rs
---
<script>
  const s =
    "aaaaaaaaaaaaaaaaaaaaaaaaaaaaaaaaaaaaaaaaaaaaaaaaaaaaaaaaaaaaaaaaaaa";
</script>
