---
source: markup_fmt/tests/fmt.rs
---
<app-test />
