---
source: markup_fmt/tests/fmt.rs
---
<?xml version="1.0" encoding="UTF-8" standalone="no"?>
<svg
  width="512"
  height="512"
  viewBox="0 0 512 512"
  version="1.1"
  id="svg1"
  sodipodi:docname="wasm-language-tools.svg"
  inkscape:version="1.4 (e7c3feb100, 2024-10-09)"
  xmlns:inkscape="http://www.inkscape.org/namespaces/inkscape"
  xmlns:sodipodi="http://sodipodi.sourceforge.net/DTD/sodipodi-0.dtd"
  xmlns="http://www.w3.org/2000/svg"
  xmlns:svg="http://www.w3.org/2000/svg"
  xmlns:rdf="http://www.w3.org/1999/02/22-rdf-syntax-ns#"
  xmlns:cc="http://creativecommons.org/ns#"
  xmlns:dc="http://purl.org/dc/elements/1.1/"
>
  <title id="title1">Logo of WebAssembly Language Tools</title>
  <sodipodi:namedview
    id="namedview1"
    pagecolor="#ffffff"
    bordercolor="#000000"
    borderopacity="0.25"
  />
  <defs id="defs1" />
  <g
    inkscape:label="main layer"
    inkscape:groupmode="layer"
    id="layer1"
  >
    <rect
      style="fill:#654ff0;fill-opacity:1;stroke-width:0;stroke-linecap:round;stroke-linejoin:round"
      id="rect1"
      width="480"
      height="480"
      x="16"
      y="16"
      ry="160"
      rx="160"
    />
    <path
      style="-inkscape-font-specification:'Fantasque Sans Mono';fill:#ffffff;stroke-width:0;stroke-linecap:round;stroke-linejoin:round"
      id="text1"
      aria-label="&lt;="
    />
  </g>
  <metadata id="metadata1">
    <rdf:RDF>
      <cc:Work rdf:about="">
        <cc:license
          rdf:resource="http://creativecommons.org/licenses/by-nd/4.0/"
        />
        <dc:title>Logo of WebAssembly Language Tools</dc:title>
        <dc:creator>
          <cc:Agent>
            <dc:title>Pig Fang</dc:title>
          </cc:Agent>
        </dc:creator>
        <dc:description
        >The main      figure of the logo is the &quot;&lt;=&quot; under Fantasque Sans Mono with ligatures enabled.</dc:description>
      </cc:Work>
      <cc:License rdf:about="http://creativecommons.org/licenses/by-nd/4.0/">
        <cc:permits rdf:resource="http://creativecommons.org/ns#Reproduction" />
        <cc:permits rdf:resource="http://creativecommons.org/ns#Distribution" />
        <cc:requires rdf:resource="http://creativecommons.org/ns#Notice" />
        <cc:requires rdf:resource="http://creativecommons.org/ns#Attribution" />
      </cc:License>
    </rdf:RDF>
  </metadata>
</svg>
