---
source: markup_fmt/tests/fmt.rs
---
@if (a > b) {
  {{ a }} is greater than {{ b }}
}

<div>
  @if (users$ | async; as users) {
    <span>{{ users.length }}</span>
  }
</div>
